[Mon Jun  1 07:56:20 UTC 2026] === v113 (seed=20263600, t_mid=0.1, no_phys, late_weight=2.0) ===
{"i": 0, "no_mse": 0.04049347713589668, "smooth_mse": 0.03745926171541214, "fmda_no_mse": 0.04049347713589668, "fmda_smooth_mse": 0.03745926171541214, "fmda_auto_mse": 0.045166607946157455, "fmda_no_internal_misfit": NaN, "fmda_smooth_internal_misfit": NaN, "fmda_auto_internal_misfit": 0.0025869105011224747}
{"i": 1, "no_mse": 0.23195023834705353, "smooth_mse": 0.18339507281780243, "fmda_no_mse": 0.23195023834705353, "fmda_smooth_mse": 0.18339507281780243, "fmda_auto_mse": 0.06792214512825012, "fmda_no_internal_misfit": NaN, "fmda_smooth_internal_misfit": NaN, "fmda_auto_internal_misfit": 0.0015561262844130397}
{"i": 2, "no_mse": 0.07428435981273651, "smooth_mse": 0.05362807214260101, "fmda_no_mse": 0.07428435981273651, "fmda_smooth_mse": 0.05362807214260101, "fmda_auto_mse": 0.01842745766043663, "fmda_no_internal_misfit": NaN, "fmda_smooth_internal_misfit": NaN, "fmda_auto_internal_misfit": 0.0015666319523006678}
{"i": 3, "no_mse": 0.04625597223639488, "smooth_mse": 0.04177609458565712, "fmda_no_mse": 0.04625597223639488, "fmda_smooth_mse": 0.04177609458565712, "fmda_auto_mse": 0.05968036130070686, "fmda_no_internal_misfit": NaN, "fmda_smooth_internal_misfit": NaN, "fmda_auto_internal_misfit": 0.0013759988360106945}
{"i": 4, "no_mse": 0.2437361478805542, "smooth_mse": 0.22969672083854675, "fmda_no_mse": 0.2437361478805542, "fmda_smooth_mse": 0.22969672083854675, "fmda_auto_mse": 0.04806438833475113, "fmda_no_internal_misfit": NaN, "fmda_smooth_internal_misfit": NaN, "fmda_auto_internal_misfit": 0.001309070037677884}
{"i": 5, "no_mse": 0.10514475405216217, "smooth_mse": 0.09155222773551941, "fmda_no_mse": 0.10514475405216217, "fmda_smooth_mse": 0.09155222773551941, "fmda_auto_mse": 0.18049655854701996, "fmda_no_internal_misfit": NaN, "fmda_smooth_internal_misfit": NaN, "fmda_auto_internal_misfit": 0.006260099820792675}
{"i": 6, "no_mse": 0.05241701751947403, "smooth_mse": 0.05081712454557419, "fmda_no_mse": 0.05241701751947403, "fmda_smooth_mse": 0.05081712454557419, "fmda_auto_mse": 0.020272323861718178, "fmda_no_internal_misfit": NaN, "fmda_smooth_internal_misfit": NaN, "fmda_auto_internal_misfit": 0.012468145228922367}
{"i": 7, "no_mse": 0.07554000616073608, "smooth_mse": 0.06455174088478088, "fmda_no_mse": 0.07554000616073608, "fmda_smooth_mse": 0.06455174088478088, "fmda_auto_mse": 0.05159817263484001, "fmda_no_internal_misfit": NaN, "fmda_smooth_internal_misfit": NaN, "fmda_auto_internal_misfit": 0.002899889601394534}
{"i": 8, "no_mse": 0.3569040894508362, "smooth_mse": 0.329546183347702, "fmda_no_mse": 0.3569040894508362, "fmda_smooth_mse": 0.329546183347702, "fmda_auto_mse": 0.07066458463668823, "fmda_no_internal_misfit": NaN, "fmda_smooth_internal_misfit": NaN, "fmda_auto_internal_misfit": 0.0011007966240867972}
{"i": 9, "no_mse": 0.05120064690709114, "smooth_mse": 0.04997515678405762, "fmda_no_mse": 0.05120064690709114, "fmda_smooth_mse": 0.04997515678405762, "fmda_auto_mse": 0.08516230434179306, "fmda_no_internal_misfit": NaN, "fmda_smooth_internal_misfit": NaN, "fmda_auto_internal_misfit": 0.0005874652415513992}
{"i": 10, "no_mse": 0.08623611181974411, "smooth_mse": 0.06488156318664551, "fmda_no_mse": 0.08623611181974411, "fmda_smooth_mse": 0.06488156318664551, "fmda_auto_mse": 0.041369374841451645, "fmda_no_internal_misfit": NaN, "fmda_smooth_internal_misfit": NaN, "fmda_auto_internal_misfit": 0.00014631517115049064}
{"i": 11, "no_mse": 0.21735556423664093, "smooth_mse": 0.18273505568504333, "fmda_no_mse": 0.21735556423664093, "fmda_smooth_mse": 0.18273505568504333, "fmda_auto_mse": 0.035578567534685135, "fmda_no_internal_misfit": NaN, "fmda_smooth_internal_misfit": NaN, "fmda_auto_internal_misfit": 0.0016361754387617111}
{"i": 12, "no_mse": 0.21078917384147644, "smooth_mse": 0.19755876064300537, "fmda_no_mse": 0.21078917384147644, "fmda_smooth_mse": 0.19755876064300537, "fmda_auto_mse": 0.17171622812747955, "fmda_no_internal_misfit": NaN, "fmda_smooth_internal_misfit": NaN, "fmda_auto_internal_misfit": 0.0002620208542793989}
{"i": 13, "no_mse": 0.04412294179201126, "smooth_mse": 0.03505709394812584, "fmda_no_mse": 0.04412294179201126, "fmda_smooth_mse": 0.03505709394812584, "fmda_auto_mse": 0.08624066412448883, "fmda_no_internal_misfit": NaN, "fmda_smooth_internal_misfit": NaN, "fmda_auto_internal_misfit": 0.0036866406444460154}
{"i": 14, "no_mse": 0.15727268159389496, "smooth_mse": 0.1321062296628952, "fmda_no_mse": 0.15727268159389496, "fmda_smooth_mse": 0.1321062296628952, "fmda_auto_mse": 0.01996978186070919, "fmda_no_internal_misfit": NaN, "fmda_smooth_internal_misfit": NaN, "fmda_auto_internal_misfit": 0.00014134967932477593}
{"i": 15, "no_mse": 0.0927848070859909, "smooth_mse": 0.08465303480625153, "fmda_no_mse": 0.0927848070859909, "fmda_smooth_mse": 0.08465303480625153, "fmda_auto_mse": 0.1504470258951187, "fmda_no_internal_misfit": NaN, "fmda_smooth_internal_misfit": NaN, "fmda_auto_internal_misfit": 0.005515195894986391}
{"i": 16, "no_mse": 0.06492612510919571, "smooth_mse": 0.06155377998948097, "fmda_no_mse": 0.06492612510919571, "fmda_smooth_mse": 0.06155377998948097, "fmda_auto_mse": 0.03887839987874031, "fmda_no_internal_misfit": NaN, "fmda_smooth_internal_misfit": NaN, "fmda_auto_internal_misfit": 0.0001672960352152586}
{"i": 17, "no_mse": 0.1458803415298462, "smooth_mse": 0.12466379255056381, "fmda_no_mse": 0.1458803415298462, "fmda_smooth_mse": 0.12466379255056381, "fmda_auto_mse": 0.0482468344271183, "fmda_no_internal_misfit": NaN, "fmda_smooth_internal_misfit": NaN, "fmda_auto_internal_misfit": 0.0008473466732539237}
{"i": 18, "no_mse": 0.09899989515542984, "smooth_mse": 0.08967653661966324, "fmda_no_mse": 0.09899989515542984, "fmda_smooth_mse": 0.08967653661966324, "fmda_auto_mse": 0.0877494215965271, "fmda_no_internal_misfit": NaN, "fmda_smooth_internal_misfit": NaN, "fmda_auto_internal_misfit": 0.0010139956139028072}
{"i": 19, "no_mse": 0.07236737012863159, "smooth_mse": 0.06290321797132492, "fmda_no_mse": 0.07236737012863159, "fmda_smooth_mse": 0.06290321797132492, "fmda_auto_mse": 0.014689326286315918, "fmda_no_internal_misfit": NaN, "fmda_smooth_internal_misfit": NaN, "fmda_auto_internal_misfit": 0.0001177658632514067}
{"i": 20, "no_mse": 0.10550544410943985, "smooth_mse": 0.08816505968570709, "fmda_no_mse": 0.10550544410943985, "fmda_smooth_mse": 0.08816505968570709, "fmda_auto_mse": 0.08278191089630127, "fmda_no_internal_misfit": NaN, "fmda_smooth_internal_misfit": NaN, "fmda_auto_internal_misfit": 8.563861774746329e-05}
{"i": 21, "no_mse": 0.019309375435113907, "smooth_mse": 0.01822572387754917, "fmda_no_mse": 0.019309375435113907, "fmda_smooth_mse": 0.01822572387754917, "fmda_auto_mse": 0.011774829588830471, "fmda_no_internal_misfit": NaN, "fmda_smooth_internal_misfit": NaN, "fmda_auto_internal_misfit": 0.0027470863424241543}
{"i": 22, "no_mse": 0.05805063620209694, "smooth_mse": 0.040097448974847794, "fmda_no_mse": 0.05805063620209694, "fmda_smooth_mse": 0.040097448974847794, "fmda_auto_mse": 0.0747564435005188, "fmda_no_internal_misfit": NaN, "fmda_smooth_internal_misfit": NaN, "fmda_auto_internal_misfit": 0.0006497771246358752}
{"i": 23, "no_mse": 0.20768603682518005, "smooth_mse": 0.17825601994991302, "fmda_no_mse": 0.20768603682518005, "fmda_smooth_mse": 0.17825601994991302, "fmda_auto_mse": 0.06573411077260971, "fmda_no_internal_misfit": NaN, "fmda_smooth_internal_misfit": NaN, "fmda_auto_internal_misfit": 0.0004736647824756801}
{"i": 24, "no_mse": 0.04744620621204376, "smooth_mse": 0.04350230470299721, "fmda_no_mse": 0.04744620621204376, "fmda_smooth_mse": 0.04350230470299721, "fmda_auto_mse": 0.07242878526449203, "fmda_no_internal_misfit": NaN, "fmda_smooth_internal_misfit": NaN, "fmda_auto_internal_misfit": 0.0009415833628736436}
{"i": 25, "no_mse": 0.0681966096162796, "smooth_mse": 0.05319797620177269, "fmda_no_mse": 0.0681966096162796, "fmda_smooth_mse": 0.05319797620177269, "fmda_auto_mse": 0.027158798649907112, "fmda_no_internal_misfit": NaN, "fmda_smooth_internal_misfit": NaN, "fmda_auto_internal_misfit": 0.00046364631270989776}
{"i": 26, "no_mse": 0.08369474112987518, "smooth_mse": 0.08580993860960007, "fmda_no_mse": 0.08369474112987518, "fmda_smooth_mse": 0.08580993860960007, "fmda_auto_mse": 0.21012616157531738, "fmda_no_internal_misfit": NaN, "fmda_smooth_internal_misfit": NaN, "fmda_auto_internal_misfit": 0.0011800330830737948}
{"i": 27, "no_mse": 0.05535660684108734, "smooth_mse": 0.05637724697589874, "fmda_no_mse": 0.05535660684108734, "fmda_smooth_mse": 0.05637724697589874, "fmda_auto_mse": 0.08339370042085648, "fmda_no_internal_misfit": NaN, "fmda_smooth_internal_misfit": NaN, "fmda_auto_internal_misfit": 0.0006322239059954882}
{"i": 28, "no_mse": 0.10242384672164917, "smooth_mse": 0.09237820655107498, "fmda_no_mse": 0.10242384672164917, "fmda_smooth_mse": 0.09237820655107498, "fmda_auto_mse": 0.0965527892112732, "fmda_no_internal_misfit": NaN, "fmda_smooth_internal_misfit": NaN, "fmda_auto_internal_misfit": 0.0015722664538770914}
{"i": 29, "no_mse": 0.135726198554039, "smooth_mse": 0.12939754128456116, "fmda_no_mse": 0.135726198554039, "fmda_smooth_mse": 0.12939754128456116, "fmda_auto_mse": 0.25541627407073975, "fmda_no_internal_misfit": NaN, "fmda_smooth_internal_misfit": NaN, "fmda_auto_internal_misfit": 0.0017888601869344711}
{"i": 30, "no_mse": 0.13134010136127472, "smooth_mse": 0.1258702576160431, "fmda_no_mse": 0.13134010136127472, "fmda_smooth_mse": 0.1258702576160431, "fmda_auto_mse": 0.12759165465831757, "fmda_no_internal_misfit": NaN, "fmda_smooth_internal_misfit": NaN, "fmda_auto_internal_misfit": 7.321788871195167e-05}
{"i": 31, "no_mse": 0.3382338881492615, "smooth_mse": 0.2981395423412323, "fmda_no_mse": 0.3382338881492615, "fmda_smooth_mse": 0.2981395423412323, "fmda_auto_mse": 0.07009770721197128, "fmda_no_internal_misfit": NaN, "fmda_smooth_internal_misfit": NaN, "fmda_auto_internal_misfit": 0.003731180215254426}
Traceback (most recent call last):
  File "/tmp/eval_ms.py", line 2862, in <module>
    main()
  File "/tmp/eval_ms.py", line 2857, in main
    json.dump(summary, f, indent=2)
  File "/workspace/.conda/envs/flow/lib/python3.10/json/__init__.py", line 179, in dump
    for chunk in iterable:
  File "/workspace/.conda/envs/flow/lib/python3.10/json/encoder.py", line 431, in _iterencode
    yield from _iterencode_dict(o, _current_indent_level)
  File "/workspace/.conda/envs/flow/lib/python3.10/json/encoder.py", line 405, in _iterencode_dict
    yield from chunks
  File "/workspace/.conda/envs/flow/lib/python3.10/json/encoder.py", line 405, in _iterencode_dict
    yield from chunks
  File "/workspace/.conda/envs/flow/lib/python3.10/json/encoder.py", line 438, in _iterencode
    o = _default(o)
  File "/workspace/.conda/envs/flow/lib/python3.10/json/encoder.py", line 179, in default
    raise TypeError(f'Object of type {o.__class__.__name__} '
TypeError: Object of type TinyUNetVel is not JSON serializable
[Mon Jun  1 11:43:35 UTC 2026] v113 done!
